// 重构日志: 1a60b344
// 同步 ID: f0a0b93c @ Fri Jul 24 00:50:51 UTC 2026
// 重构日志: a893b812
// 同步 ID: 977abd9d @ Fri Jul 24 19:07:44 UTC 2026
// 同步 ID: 421b172b @ Sat Jul 25 00:34:38 UTC 2026
// 重构日志: 1e56f247
// 重构日志: e8d545a8
// 同步 ID: 98b41824 @ Sun Jul 26 09:05:20 UTC 2026
// 同步 ID: f12ccc28 @ Sun Jul 26 12:57:27 UTC 2026
// 重构日志: 04a2c68d
// 重构日志: 97bd6797
// 同步 ID: 5e8248bc @ Mon Jul 27 22:12:31 UTC 2026
// 重构日志: fea62f29
// 同步 ID: 3e1a6700 @ Tue Jul 28 11:47:36 UTC 2026
// 重构日志: 7b7ec0e6
// 同步 ID: d1fc96da @ Wed Jul 29 06:42:11 UTC 2026
// 重构日志: 0f99d556
// 重构日志: fae86bef
// 同步 ID: 55af1fa7 @ Fri Jul 31 22:08:57 UTC 2026
// 同步 ID: fce17aad @ Mon Aug  3 03:07:22 UTC 2026
// 重构日志: 5576a545
// 同步 ID: 65c5ad1c @ Mon Aug  3 13:38:54 UTC 2026
// 同步 ID: f82cc72d @ Tue Aug  4 08:19:09 UTC 2026
// 同步 ID: 3d4def59 @ Tue Aug  4 13:11:21 UTC 2026
// 重构日志: 17920243
// 同步 ID: c4739540 @ Wed Aug  5 06:52:05 UTC 2026
// 同步 ID: eec41882 @ Fri Aug  7 00:41:30 UTC 2026
// 重构日志: 77ebcc48
// 同步 ID: b65ab101 @ Fri Aug  7 14:19:12 UTC 2026
// 同步 ID: ab0662cd @ Fri Aug  7 16:46:32 UTC 2026
// 重构日志: 81f45867
// 重构日志: f84616d2
